2024-12-18 17:33:46,648 - INFO: Parameter: training_data='data/processed/nettcr.h5'
2024-12-18 17:33:46,649 - INFO: Parameter: contact_maps='data/processed/contact_maps.h5'
2024-12-18 17:33:46,649 - INFO: Parameter: output='models/TCRContactMapPredictor'
2024-12-18 17:33:46,649 - INFO: Parameter: seed=None
2024-12-18 17:33:46,649 - INFO: Parameter: cdr_1_length=8
2024-12-18 17:33:46,649 - INFO: Parameter: cdr_2_length=8
2024-12-18 17:33:46,649 - INFO: Parameter: cdr_3_length=24
2024-12-18 17:33:46,649 - INFO: Parameter: peptide_length=12
2024-12-18 17:33:46,649 - INFO: Parameter: mhc_pseudo_sequence_length=26
2024-12-18 17:33:46,649 - INFO: Parameter: batch_size=32
2024-12-18 17:33:46,649 - INFO: Parameter: num_epochs=25
2024-12-18 17:33:46,649 - INFO: Parameter: learning_rate=0.001
2024-12-18 17:33:46,649 - INFO: Parameter: drop_out_rate=0.2
2024-12-18 17:33:46,649 - INFO: Parameter: learn_contact_maps=False
2024-12-18 17:33:46,650 - INFO: Parameter: checkpoint_interval=1000
2024-12-18 17:33:46,650 - INFO: Parameter: num_folds=5
2024-12-18 17:33:46,650 - INFO: Parameter: eval_interval=500
2024-12-18 17:33:46,650 - INFO: Parameter: eval_batch_size=1000
2024-12-18 17:33:46,650 - INFO: Parameter: log_level='info'
2024-12-18 17:33:46,650 - INFO: Parameter: log_file='data/logs/train_tcr_contact_map_predictor.log'
2024-12-18 17:33:46,650 - INFO: Loading contact maps from data/processed/contact_maps.h5
2024-12-18 17:33:46,690 - INFO: Loading training data from data/processed/nettcr.h5
2024-12-18 17:33:48,546 - INFO: Creating models/TCRContactMapPredictor
2024-12-18 17:33:48,549 - INFO: Starting fold 1
2024-12-18 17:33:48,549 - INFO: Initialising model
2024-12-18 17:34:09,655 - INFO: Starting training
2024-12-18 17:34:09,660 - INFO: Starting epoch 1
2024-12-18 17:34:09,731 - INFO: Evaluating at iteration 1
2024-12-18 17:34:10,450 - INFO: Loss: 0.690031
2024-12-18 17:34:10,454 - INFO: Training ROC-AUC: 0.580357
2024-12-18 17:34:10,457 - INFO: Validation ROC-AUC: 0.494150
2024-12-18 17:34:22,789 - INFO: Evaluating at iteration 501
2024-12-18 17:34:23,468 - INFO: Loss: 0.380992
2024-12-18 17:34:23,470 - INFO: Training ROC-AUC: 0.473214
2024-12-18 17:34:23,474 - INFO: Validation ROC-AUC: 0.484745
2024-12-18 17:34:35,630 - INFO: Starting epoch 2
2024-12-18 17:34:35,722 - INFO: Evaluating at iteration 944
2024-12-18 17:34:36,325 - INFO: Loss: 0.390185
2024-12-18 17:34:36,334 - INFO: Training ROC-AUC: 0.660714
2024-12-18 17:34:36,337 - INFO: Validation ROC-AUC: 0.492330
2024-12-18 17:34:50,100 - INFO: Evaluating at iteration 1444
2024-12-18 17:34:50,736 - INFO: Loss: 0.324735
2024-12-18 17:34:50,741 - INFO: Training ROC-AUC: 0.540230
2024-12-18 17:34:50,744 - INFO: Validation ROC-AUC: 0.548600
2024-12-18 17:35:02,911 - INFO: Starting epoch 3
2024-12-18 17:35:03,013 - INFO: Evaluating at iteration 1887
2024-12-18 17:35:03,608 - INFO: Loss: 0.358493
2024-12-18 17:35:03,613 - INFO: Training ROC-AUC: 0.794643
2024-12-18 17:35:03,616 - INFO: Validation ROC-AUC: 0.634692
2024-12-18 17:35:17,070 - INFO: Evaluating at iteration 2387
2024-12-18 17:35:17,698 - INFO: Loss: 0.499998
2024-12-18 17:35:17,700 - INFO: Training ROC-AUC: 0.611429
2024-12-18 17:35:17,702 - INFO: Validation ROC-AUC: 0.736386
2024-12-18 17:35:29,061 - INFO: Starting epoch 4
2024-12-18 17:35:29,119 - INFO: Evaluating at iteration 2830
2024-12-18 17:35:29,685 - INFO: Loss: 0.392923
2024-12-18 17:35:29,688 - INFO: Training ROC-AUC: 0.703704
2024-12-18 17:35:29,690 - INFO: Validation ROC-AUC: 0.745274
2024-12-18 17:35:42,420 - INFO: Evaluating at iteration 3330
2024-12-18 17:35:43,032 - INFO: Loss: 0.250766
2024-12-18 17:35:43,050 - INFO: Training ROC-AUC: 0.821429
2024-12-18 17:35:43,053 - INFO: Validation ROC-AUC: 0.761812
2024-12-18 17:35:54,341 - INFO: Starting epoch 5
2024-12-18 17:35:54,430 - INFO: Evaluating at iteration 3773
2024-12-18 17:35:54,994 - INFO: Loss: 0.149134
2024-12-18 17:35:54,998 - INFO: Training ROC-AUC: 1.000000
2024-12-18 17:35:55,000 - INFO: Validation ROC-AUC: 0.771806
2024-12-18 17:36:07,621 - INFO: Evaluating at iteration 4273
2024-12-18 17:36:08,218 - INFO: Loss: 0.356688
2024-12-18 17:36:08,223 - INFO: Training ROC-AUC: 0.828571
2024-12-18 17:36:08,227 - INFO: Validation ROC-AUC: 0.783599
2024-12-18 17:36:19,290 - INFO: Starting epoch 6
2024-12-18 17:36:19,390 - INFO: Evaluating at iteration 4716
2024-12-18 17:36:19,953 - INFO: Loss: 0.454107
2024-12-18 17:36:19,971 - INFO: Training ROC-AUC: 0.822917
2024-12-18 17:36:19,975 - INFO: Validation ROC-AUC: 0.792162
2024-12-18 17:36:32,586 - INFO: Evaluating at iteration 5216
2024-12-18 17:36:33,193 - INFO: Loss: 0.629345
2024-12-18 17:36:33,198 - INFO: Training ROC-AUC: 0.865801
2024-12-18 17:36:33,204 - INFO: Validation ROC-AUC: 0.794147
2024-12-18 17:36:44,382 - INFO: Starting epoch 7
2024-12-18 17:36:44,507 - INFO: Evaluating at iteration 5659
2024-12-18 17:36:45,074 - INFO: Loss: 0.508419
2024-12-18 17:36:45,096 - INFO: Training ROC-AUC: 0.703125
2024-12-18 17:36:45,100 - INFO: Validation ROC-AUC: 0.797872
2024-12-18 17:36:57,825 - INFO: Evaluating at iteration 6159
2024-12-18 17:36:58,396 - INFO: Loss: 0.525670
2024-12-18 17:36:58,423 - INFO: Training ROC-AUC: 0.576923
2024-12-18 17:36:58,427 - INFO: Validation ROC-AUC: 0.802124
2024-12-18 17:37:09,630 - INFO: Starting epoch 8
2024-12-18 17:37:09,784 - INFO: Evaluating at iteration 6602
2024-12-18 17:37:10,352 - INFO: Loss: 0.282583
2024-12-18 17:37:10,368 - INFO: Training ROC-AUC: 0.919643
2024-12-18 17:37:10,372 - INFO: Validation ROC-AUC: 0.805757
2024-12-18 17:37:23,280 - INFO: Evaluating at iteration 7102
2024-12-18 17:37:23,904 - INFO: Loss: 0.423208
2024-12-18 17:37:23,916 - INFO: Training ROC-AUC: 0.674074
2024-12-18 17:37:23,920 - INFO: Validation ROC-AUC: 0.803334
2024-12-18 17:37:35,791 - INFO: Starting epoch 9
2024-12-18 17:37:35,947 - INFO: Evaluating at iteration 7545
2024-12-18 17:37:36,537 - INFO: Loss: 0.495565
2024-12-18 17:37:36,548 - INFO: Training ROC-AUC: 0.666667
2024-12-18 17:37:36,564 - INFO: Validation ROC-AUC: 0.807953
2024-12-18 17:37:49,962 - INFO: Evaluating at iteration 8045
2024-12-18 17:37:50,634 - INFO: Loss: 0.173041
2024-12-18 17:37:50,653 - INFO: Training ROC-AUC: 0.916667
2024-12-18 17:37:50,656 - INFO: Validation ROC-AUC: 0.809038
2024-12-18 17:38:02,446 - INFO: Starting epoch 10
2024-12-18 17:38:02,529 - INFO: Evaluating at iteration 8488
2024-12-18 17:38:03,163 - INFO: Loss: 0.309063
2024-12-18 17:38:03,166 - INFO: Training ROC-AUC: 0.758929
2024-12-18 17:38:03,168 - INFO: Validation ROC-AUC: 0.812545
2024-12-18 17:38:16,494 - INFO: Evaluating at iteration 8988
2024-12-18 17:38:17,139 - INFO: Loss: 0.250627
2024-12-18 17:38:17,158 - INFO: Training ROC-AUC: 0.848214
2024-12-18 17:38:17,162 - INFO: Validation ROC-AUC: 0.812390
2024-12-18 17:38:28,540 - INFO: Starting epoch 11
2024-12-18 17:38:28,600 - INFO: Evaluating at iteration 9431
2024-12-18 17:38:29,173 - INFO: Loss: 0.277296
2024-12-18 17:38:29,176 - INFO: Training ROC-AUC: 0.903704
2024-12-18 17:38:29,178 - INFO: Validation ROC-AUC: 0.816585
2024-12-18 17:38:41,918 - INFO: Evaluating at iteration 9931
2024-12-18 17:38:42,519 - INFO: Loss: 0.255398
2024-12-18 17:38:42,538 - INFO: Training ROC-AUC: 0.954286
2024-12-18 17:38:42,542 - INFO: Validation ROC-AUC: 0.817724
2024-12-18 17:38:53,691 - INFO: Starting epoch 12
2024-12-18 17:38:53,791 - INFO: Evaluating at iteration 10374
2024-12-18 17:38:54,353 - INFO: Loss: 0.260542
2024-12-18 17:38:54,367 - INFO: Training ROC-AUC: 0.844444
2024-12-18 17:38:54,370 - INFO: Validation ROC-AUC: 0.820009
2024-12-18 17:39:07,113 - INFO: Evaluating at iteration 10874
2024-12-18 17:39:07,715 - INFO: Loss: 0.516556
2024-12-18 17:39:07,718 - INFO: Training ROC-AUC: 0.750000
2024-12-18 17:39:07,720 - INFO: Validation ROC-AUC: 0.819031
2024-12-18 17:39:18,925 - INFO: Starting epoch 13
2024-12-18 17:39:19,031 - INFO: Evaluating at iteration 11317
2024-12-18 17:39:19,622 - INFO: Loss: 0.312557
2024-12-18 17:39:19,635 - INFO: Training ROC-AUC: 0.885714
2024-12-18 17:39:19,641 - INFO: Validation ROC-AUC: 0.822296
2024-12-18 17:39:32,307 - INFO: Evaluating at iteration 11817
2024-12-18 17:39:32,916 - INFO: Loss: 0.396466
2024-12-18 17:39:32,926 - INFO: Training ROC-AUC: 0.659259
2024-12-18 17:39:32,932 - INFO: Validation ROC-AUC: 0.820739
2024-12-18 17:39:44,127 - INFO: Starting epoch 14
2024-12-18 17:39:44,185 - INFO: Evaluating at iteration 12260
2024-12-18 17:39:44,756 - INFO: Loss: 0.351586
2024-12-18 17:39:44,759 - INFO: Training ROC-AUC: 0.885714
2024-12-18 17:39:44,762 - INFO: Validation ROC-AUC: 0.825022
2024-12-18 17:39:57,598 - INFO: Evaluating at iteration 12760
2024-12-18 17:39:58,215 - INFO: Loss: 0.226495
2024-12-18 17:39:58,230 - INFO: Training ROC-AUC: 0.962963
2024-12-18 17:39:58,233 - INFO: Validation ROC-AUC: 0.824293
2024-12-18 17:40:09,670 - INFO: Starting epoch 15
2024-12-18 17:40:09,759 - INFO: Evaluating at iteration 13203
2024-12-18 17:40:10,321 - INFO: Loss: 0.316314
2024-12-18 17:40:10,339 - INFO: Training ROC-AUC: 0.794643
2024-12-18 17:40:10,342 - INFO: Validation ROC-AUC: 0.825776
2024-12-18 17:40:23,018 - INFO: Evaluating at iteration 13703
2024-12-18 17:40:23,608 - INFO: Loss: 0.410676
2024-12-18 17:40:23,633 - INFO: Training ROC-AUC: 0.834286
2024-12-18 17:40:23,637 - INFO: Validation ROC-AUC: 0.825890
2024-12-18 17:40:34,829 - INFO: Starting epoch 16
2024-12-18 17:40:34,912 - INFO: Evaluating at iteration 14146
2024-12-18 17:40:35,478 - INFO: Loss: 0.247479
2024-12-18 17:40:35,502 - INFO: Training ROC-AUC: 0.918519
2024-12-18 17:40:35,506 - INFO: Validation ROC-AUC: 0.826961
2024-12-18 17:40:48,490 - INFO: Evaluating at iteration 14646
2024-12-18 17:40:49,082 - INFO: Loss: 0.231500
2024-12-18 17:40:49,087 - INFO: Training ROC-AUC: 0.875000
2024-12-18 17:40:49,090 - INFO: Validation ROC-AUC: 0.827062
2024-12-18 17:41:00,352 - INFO: Starting epoch 17
2024-12-18 17:41:00,469 - INFO: Evaluating at iteration 15089
2024-12-18 17:41:01,041 - INFO: Loss: 0.189378
2024-12-18 17:41:01,044 - INFO: Training ROC-AUC: 0.816667
2024-12-18 17:41:01,048 - INFO: Validation ROC-AUC: 0.829376
2024-12-18 17:41:13,840 - INFO: Evaluating at iteration 15589
2024-12-18 17:41:14,441 - INFO: Loss: 0.186112
2024-12-18 17:41:14,470 - INFO: Training ROC-AUC: 0.970370
2024-12-18 17:41:14,472 - INFO: Validation ROC-AUC: 0.828262
2024-12-18 17:41:25,630 - INFO: Starting epoch 18
2024-12-18 17:41:25,707 - INFO: Evaluating at iteration 16032
2024-12-18 17:41:26,284 - INFO: Loss: 0.231418
2024-12-18 17:41:26,288 - INFO: Training ROC-AUC: 0.948148
2024-12-18 17:41:26,291 - INFO: Validation ROC-AUC: 0.829756
2024-12-18 17:41:40,344 - INFO: Evaluating at iteration 16532
2024-12-18 17:41:41,049 - INFO: Loss: 0.111708
2024-12-18 17:41:41,053 - INFO: Training ROC-AUC: 1.000000
2024-12-18 17:41:41,056 - INFO: Validation ROC-AUC: 0.829917
2024-12-18 17:41:52,982 - INFO: Starting epoch 19
2024-12-18 17:41:53,029 - INFO: Evaluating at iteration 16975
2024-12-18 17:41:53,619 - INFO: Loss: 0.246034
2024-12-18 17:41:53,622 - INFO: Training ROC-AUC: 0.914286
2024-12-18 17:41:53,625 - INFO: Validation ROC-AUC: 0.829885
2024-12-18 17:42:07,424 - INFO: Evaluating at iteration 17475
2024-12-18 17:42:08,061 - INFO: Loss: 0.296429
2024-12-18 17:42:08,095 - INFO: Training ROC-AUC: 0.858974
2024-12-18 17:42:08,101 - INFO: Validation ROC-AUC: 0.825924
2024-12-18 17:42:20,068 - INFO: Starting epoch 20
2024-12-18 17:42:20,160 - INFO: Evaluating at iteration 17918
2024-12-18 17:42:20,773 - INFO: Loss: 0.243824
2024-12-18 17:42:20,856 - INFO: Training ROC-AUC: 0.892857
2024-12-18 17:42:20,979 - INFO: Validation ROC-AUC: 0.829604
2024-12-18 17:42:34,339 - INFO: Evaluating at iteration 18418
2024-12-18 17:42:34,984 - INFO: Loss: 0.241755
2024-12-18 17:42:34,987 - INFO: Training ROC-AUC: 0.911111
2024-12-18 17:42:34,991 - INFO: Validation ROC-AUC: 0.828727
2024-12-18 17:42:46,795 - INFO: Starting epoch 21
2024-12-18 17:42:46,880 - INFO: Evaluating at iteration 18861
2024-12-18 17:42:47,488 - INFO: Loss: 0.180274
2024-12-18 17:42:47,512 - INFO: Training ROC-AUC: 1.000000
2024-12-18 17:42:47,514 - INFO: Validation ROC-AUC: 0.828652
2024-12-18 17:43:00,846 - INFO: Evaluating at iteration 19361
2024-12-18 17:43:01,471 - INFO: Loss: 0.160644
2024-12-18 17:43:01,474 - INFO: Training ROC-AUC: 0.965517
2024-12-18 17:43:01,477 - INFO: Validation ROC-AUC: 0.827911
2024-12-18 17:43:13,228 - INFO: Starting epoch 22
2024-12-18 17:43:13,318 - INFO: Evaluating at iteration 19804
2024-12-18 17:43:13,921 - INFO: Loss: 0.238266
2024-12-18 17:43:13,924 - INFO: Training ROC-AUC: 0.916667
2024-12-18 17:43:13,927 - INFO: Validation ROC-AUC: 0.830951
2024-12-18 17:43:27,248 - INFO: Evaluating at iteration 20304
2024-12-18 17:43:27,862 - INFO: Loss: 0.277171
2024-12-18 17:43:27,865 - INFO: Training ROC-AUC: 0.942857
2024-12-18 17:43:27,867 - INFO: Validation ROC-AUC: 0.827666
2024-12-18 17:43:39,604 - INFO: Starting epoch 23
2024-12-18 17:43:39,656 - INFO: Evaluating at iteration 20747
2024-12-18 17:43:40,246 - INFO: Loss: 0.392268
2024-12-18 17:43:40,249 - INFO: Training ROC-AUC: 0.881818
2024-12-18 17:43:40,252 - INFO: Validation ROC-AUC: 0.830650
2024-12-18 17:43:53,572 - INFO: Evaluating at iteration 21247
2024-12-18 17:43:54,198 - INFO: Loss: 0.225882
2024-12-18 17:43:54,218 - INFO: Training ROC-AUC: 0.935897
2024-12-18 17:43:54,224 - INFO: Validation ROC-AUC: 0.827903
2024-12-18 17:44:06,026 - INFO: Starting epoch 24
2024-12-18 17:44:06,099 - INFO: Evaluating at iteration 21690
2024-12-18 17:44:06,712 - INFO: Loss: 0.169117
2024-12-18 17:44:06,720 - INFO: Training ROC-AUC: 0.892857
2024-12-18 17:44:06,723 - INFO: Validation ROC-AUC: 0.828011
2024-12-18 17:44:20,055 - INFO: Evaluating at iteration 22190
2024-12-18 17:44:20,783 - INFO: Loss: 0.292117
2024-12-18 17:44:20,790 - INFO: Training ROC-AUC: 0.866667
2024-12-18 17:44:20,802 - INFO: Validation ROC-AUC: 0.826652
2024-12-18 17:44:32,549 - INFO: Starting epoch 25
2024-12-18 17:44:32,636 - INFO: Evaluating at iteration 22633
2024-12-18 17:44:33,228 - INFO: Loss: 0.163081
2024-12-18 17:44:33,230 - INFO: Training ROC-AUC: 0.962963
2024-12-18 17:44:33,233 - INFO: Validation ROC-AUC: 0.828568
2024-12-18 17:44:46,568 - INFO: Evaluating at iteration 23133
2024-12-18 17:44:47,180 - INFO: Loss: 0.209953
2024-12-18 17:44:47,183 - INFO: Training ROC-AUC: 0.800000
2024-12-18 17:44:47,184 - INFO: Validation ROC-AUC: 0.826756
2024-12-18 17:44:58,880 - INFO: Saving model to models/TCRContactMapPredictor/model_1.pt
2024-12-18 17:44:58,953 - INFO: Starting fold 2
2024-12-18 17:44:58,955 - INFO: Initialising model
2024-12-18 17:44:58,995 - INFO: Starting training
2024-12-18 17:44:59,008 - INFO: Starting epoch 1
2024-12-18 17:44:59,046 - INFO: Evaluating at iteration 1
2024-12-18 17:44:59,648 - INFO: Loss: 0.691830
2024-12-18 17:44:59,657 - INFO: Training ROC-AUC: 0.064516
2024-12-18 17:44:59,662 - INFO: Validation ROC-AUC: 0.517524
2024-12-18 17:45:12,327 - INFO: Evaluating at iteration 501
2024-12-18 17:45:12,918 - INFO: Loss: 0.535881
2024-12-18 17:45:12,942 - INFO: Training ROC-AUC: 0.537143
2024-12-18 17:45:12,947 - INFO: Validation ROC-AUC: 0.477921
2024-12-18 17:45:24,886 - INFO: Starting epoch 2
2024-12-18 17:45:24,958 - INFO: Evaluating at iteration 944
2024-12-18 17:45:25,581 - INFO: Loss: 0.592639
2024-12-18 17:45:25,599 - INFO: Training ROC-AUC: 0.458333
2024-12-18 17:45:25,606 - INFO: Validation ROC-AUC: 0.473258
2024-12-18 17:45:39,192 - INFO: Evaluating at iteration 1444
2024-12-18 17:45:39,798 - INFO: Loss: 0.389022
2024-12-18 17:45:39,800 - INFO: Training ROC-AUC: 0.303571
2024-12-18 17:45:39,804 - INFO: Validation ROC-AUC: 0.484124
2024-12-18 17:45:51,699 - INFO: Starting epoch 3
2024-12-18 17:45:51,760 - INFO: Evaluating at iteration 1887
2024-12-18 17:45:52,367 - INFO: Loss: 0.434199
2024-12-18 17:45:52,393 - INFO: Training ROC-AUC: 0.488889
2024-12-18 17:45:52,398 - INFO: Validation ROC-AUC: 0.520727
2024-12-18 17:46:05,854 - INFO: Evaluating at iteration 2387
2024-12-18 17:46:06,484 - INFO: Loss: 0.416059
2024-12-18 17:46:06,516 - INFO: Training ROC-AUC: 0.622222
2024-12-18 17:46:06,521 - INFO: Validation ROC-AUC: 0.697063
2024-12-18 17:46:18,255 - INFO: Starting epoch 4
2024-12-18 17:46:18,334 - INFO: Evaluating at iteration 2830
2024-12-18 17:46:18,920 - INFO: Loss: 0.311052
2024-12-18 17:46:18,926 - INFO: Training ROC-AUC: 0.862069
2024-12-18 17:46:18,934 - INFO: Validation ROC-AUC: 0.733920
2024-12-18 17:46:32,268 - INFO: Evaluating at iteration 3330
2024-12-18 17:46:32,905 - INFO: Loss: 0.397855
2024-12-18 17:46:32,916 - INFO: Training ROC-AUC: 0.820513
2024-12-18 17:46:32,919 - INFO: Validation ROC-AUC: 0.740546
2024-12-18 17:46:44,620 - INFO: Starting epoch 5
2024-12-18 17:46:44,681 - INFO: Evaluating at iteration 3773
2024-12-18 17:46:45,322 - INFO: Loss: 0.458427
2024-12-18 17:46:45,325 - INFO: Training ROC-AUC: 0.666667
2024-12-18 17:46:45,328 - INFO: Validation ROC-AUC: 0.751226
2024-12-18 17:46:58,598 - INFO: Evaluating at iteration 4273
2024-12-18 17:46:59,230 - INFO: Loss: 0.359772
2024-12-18 17:46:59,233 - INFO: Training ROC-AUC: 0.845714
2024-12-18 17:46:59,277 - INFO: Validation ROC-AUC: 0.762653
2024-12-18 17:47:10,966 - INFO: Starting epoch 6
2024-12-18 17:47:11,024 - INFO: Evaluating at iteration 4716
2024-12-18 17:47:11,623 - INFO: Loss: 0.342726
2024-12-18 17:47:11,623 - INFO: Training ROC-AUC: 0.800000
2024-12-18 17:47:11,623 - INFO: Validation ROC-AUC: 0.776881
2024-12-18 17:47:24,852 - INFO: Evaluating at iteration 5216
2024-12-18 17:47:25,442 - INFO: Loss: 0.204776
2024-12-18 17:47:25,443 - INFO: Training ROC-AUC: 0.982143
2024-12-18 17:47:25,443 - INFO: Validation ROC-AUC: 0.782056
2024-12-18 17:47:37,134 - INFO: Starting epoch 7
2024-12-18 17:47:37,160 - INFO: Evaluating at iteration 5659
2024-12-18 17:47:37,739 - INFO: Loss: 0.258868
2024-12-18 17:47:37,739 - INFO: Training ROC-AUC: 0.770115
2024-12-18 17:47:37,739 - INFO: Validation ROC-AUC: 0.791084
2024-12-18 17:47:51,031 - INFO: Evaluating at iteration 6159
2024-12-18 17:47:51,617 - INFO: Loss: 0.321460
2024-12-18 17:47:51,617 - INFO: Training ROC-AUC: 0.776786
2024-12-18 17:47:51,617 - INFO: Validation ROC-AUC: 0.792174
2024-12-18 17:48:03,364 - INFO: Starting epoch 8
2024-12-18 17:48:03,392 - INFO: Evaluating at iteration 6602
2024-12-18 17:48:03,973 - INFO: Loss: 0.346133
2024-12-18 17:48:03,973 - INFO: Training ROC-AUC: 0.859259
2024-12-18 17:48:03,973 - INFO: Validation ROC-AUC: 0.796860
2024-12-18 17:48:17,353 - INFO: Evaluating at iteration 7102
2024-12-18 17:48:17,950 - INFO: Loss: 0.283638
2024-12-18 17:48:17,950 - INFO: Training ROC-AUC: 0.844444
2024-12-18 17:48:17,950 - INFO: Validation ROC-AUC: 0.794770
2024-12-18 17:48:29,764 - INFO: Starting epoch 9
2024-12-18 17:48:29,791 - INFO: Evaluating at iteration 7545
2024-12-18 17:48:30,372 - INFO: Loss: 0.369304
2024-12-18 17:48:30,372 - INFO: Training ROC-AUC: 0.792593
2024-12-18 17:48:30,372 - INFO: Validation ROC-AUC: 0.802942
2024-12-18 17:48:43,669 - INFO: Evaluating at iteration 8045
2024-12-18 17:48:44,259 - INFO: Loss: 0.322420
2024-12-18 17:48:44,259 - INFO: Training ROC-AUC: 0.696429
2024-12-18 17:48:44,259 - INFO: Validation ROC-AUC: 0.800821
2024-12-18 17:48:56,038 - INFO: Starting epoch 10
2024-12-18 17:48:56,065 - INFO: Evaluating at iteration 8488
2024-12-18 17:48:56,660 - INFO: Loss: 0.558312
2024-12-18 17:48:56,660 - INFO: Training ROC-AUC: 0.734375
2024-12-18 17:48:56,660 - INFO: Validation ROC-AUC: 0.807811
2024-12-18 17:49:10,030 - INFO: Evaluating at iteration 8988
2024-12-18 17:49:10,614 - INFO: Loss: 0.237706
2024-12-18 17:49:10,614 - INFO: Training ROC-AUC: 0.866071
2024-12-18 17:49:10,614 - INFO: Validation ROC-AUC: 0.809395
2024-12-18 17:49:22,369 - INFO: Starting epoch 11
2024-12-18 17:49:22,395 - INFO: Evaluating at iteration 9431
2024-12-18 17:49:22,973 - INFO: Loss: 0.310932
2024-12-18 17:49:22,973 - INFO: Training ROC-AUC: 0.891429
2024-12-18 17:49:22,973 - INFO: Validation ROC-AUC: 0.811519
2024-12-18 17:49:36,395 - INFO: Evaluating at iteration 9931
2024-12-18 17:49:36,982 - INFO: Loss: 0.232876
2024-12-18 17:49:36,983 - INFO: Training ROC-AUC: 0.967949
2024-12-18 17:49:36,983 - INFO: Validation ROC-AUC: 0.814297
2024-12-18 17:49:48,799 - INFO: Starting epoch 12
2024-12-18 17:49:48,826 - INFO: Evaluating at iteration 10374
2024-12-18 17:49:49,406 - INFO: Loss: 0.271712
2024-12-18 17:49:49,406 - INFO: Training ROC-AUC: 0.925926
2024-12-18 17:49:49,406 - INFO: Validation ROC-AUC: 0.814106
2024-12-18 17:50:02,820 - INFO: Evaluating at iteration 10874
2024-12-18 17:50:03,407 - INFO: Loss: 0.329306
2024-12-18 17:50:03,407 - INFO: Training ROC-AUC: 0.851852
2024-12-18 17:50:03,407 - INFO: Validation ROC-AUC: 0.816390
2024-12-18 17:50:15,292 - INFO: Starting epoch 13
2024-12-18 17:50:15,320 - INFO: Evaluating at iteration 11317
2024-12-18 17:50:15,907 - INFO: Loss: 0.350070
2024-12-18 17:50:15,907 - INFO: Training ROC-AUC: 0.807407
2024-12-18 17:50:15,907 - INFO: Validation ROC-AUC: 0.819736
2024-12-18 17:50:29,407 - INFO: Evaluating at iteration 11817
2024-12-18 17:50:29,990 - INFO: Loss: 0.165625
2024-12-18 17:50:29,990 - INFO: Training ROC-AUC: 0.946429
2024-12-18 17:50:29,990 - INFO: Validation ROC-AUC: 0.818681
2024-12-18 17:50:41,785 - INFO: Starting epoch 14
2024-12-18 17:50:41,813 - INFO: Evaluating at iteration 12260
2024-12-18 17:50:42,414 - INFO: Loss: 0.611270
2024-12-18 17:50:42,414 - INFO: Training ROC-AUC: 0.805195
2024-12-18 17:50:42,414 - INFO: Validation ROC-AUC: 0.821130
2024-12-18 17:50:55,855 - INFO: Evaluating at iteration 12760
2024-12-18 17:50:56,449 - INFO: Loss: 0.210083
2024-12-18 17:50:56,449 - INFO: Training ROC-AUC: 0.955128
2024-12-18 17:50:56,449 - INFO: Validation ROC-AUC: 0.817082
2024-12-18 17:51:08,303 - INFO: Starting epoch 15
2024-12-18 17:51:08,329 - INFO: Evaluating at iteration 13203
2024-12-18 17:51:08,914 - INFO: Loss: 0.185768
2024-12-18 17:51:08,914 - INFO: Training ROC-AUC: 0.955128
2024-12-18 17:51:08,914 - INFO: Validation ROC-AUC: 0.819872
2024-12-18 17:51:22,335 - INFO: Evaluating at iteration 13703
2024-12-18 17:51:22,917 - INFO: Loss: 0.228316
2024-12-18 17:51:22,917 - INFO: Training ROC-AUC: 0.955556
2024-12-18 17:51:22,917 - INFO: Validation ROC-AUC: 0.824410
2024-12-18 17:51:34,705 - INFO: Starting epoch 16
2024-12-18 17:51:34,731 - INFO: Evaluating at iteration 14146
2024-12-18 17:51:35,312 - INFO: Loss: 0.264456
2024-12-18 17:51:35,312 - INFO: Training ROC-AUC: 0.916667
2024-12-18 17:51:35,312 - INFO: Validation ROC-AUC: 0.820180
2024-12-18 17:51:48,740 - INFO: Evaluating at iteration 14646
2024-12-18 17:51:49,321 - INFO: Loss: 0.185779
2024-12-18 17:51:49,321 - INFO: Training ROC-AUC: 0.965714
2024-12-18 17:51:49,321 - INFO: Validation ROC-AUC: 0.822514
2024-12-18 17:52:01,203 - INFO: Starting epoch 17
2024-12-18 17:52:01,230 - INFO: Evaluating at iteration 15089
2024-12-18 17:52:01,811 - INFO: Loss: 0.320442
2024-12-18 17:52:01,811 - INFO: Training ROC-AUC: 0.724138
2024-12-18 17:52:01,811 - INFO: Validation ROC-AUC: 0.824683
2024-12-18 17:52:15,252 - INFO: Evaluating at iteration 15589
2024-12-18 17:52:15,835 - INFO: Loss: 0.333306
2024-12-18 17:52:15,835 - INFO: Training ROC-AUC: 0.893720
2024-12-18 17:52:15,835 - INFO: Validation ROC-AUC: 0.825977
2024-12-18 17:52:27,730 - INFO: Starting epoch 18
2024-12-18 17:52:27,758 - INFO: Evaluating at iteration 16032
2024-12-18 17:52:28,346 - INFO: Loss: 0.299147
2024-12-18 17:52:28,346 - INFO: Training ROC-AUC: 0.897436
2024-12-18 17:52:28,347 - INFO: Validation ROC-AUC: 0.821211
2024-12-18 17:52:41,790 - INFO: Evaluating at iteration 16532
2024-12-18 17:52:42,387 - INFO: Loss: 0.126974
2024-12-18 17:52:42,388 - INFO: Training ROC-AUC: 1.000000
2024-12-18 17:52:42,388 - INFO: Validation ROC-AUC: 0.824058
2024-12-18 17:52:54,247 - INFO: Starting epoch 19
2024-12-18 17:52:54,277 - INFO: Evaluating at iteration 16975
2024-12-18 17:52:54,859 - INFO: Loss: 0.321953
2024-12-18 17:52:54,859 - INFO: Training ROC-AUC: 0.971014
2024-12-18 17:52:54,860 - INFO: Validation ROC-AUC: 0.822796
2024-12-18 17:53:08,346 - INFO: Evaluating at iteration 17475
2024-12-18 17:53:08,928 - INFO: Loss: 0.330655
2024-12-18 17:53:08,928 - INFO: Training ROC-AUC: 0.884615
2024-12-18 17:53:08,928 - INFO: Validation ROC-AUC: 0.825334
2024-12-18 17:53:20,875 - INFO: Starting epoch 20
2024-12-18 17:53:20,903 - INFO: Evaluating at iteration 17918
2024-12-18 17:53:21,490 - INFO: Loss: 0.331697
2024-12-18 17:53:21,490 - INFO: Training ROC-AUC: 0.885714
2024-12-18 17:53:21,490 - INFO: Validation ROC-AUC: 0.821865
2024-12-18 17:53:34,964 - INFO: Evaluating at iteration 18418
2024-12-18 17:53:35,554 - INFO: Loss: 0.209803
2024-12-18 17:53:35,555 - INFO: Training ROC-AUC: 0.901786
2024-12-18 17:53:35,555 - INFO: Validation ROC-AUC: 0.824071
2024-12-18 17:53:47,460 - INFO: Starting epoch 21
2024-12-18 17:53:47,487 - INFO: Evaluating at iteration 18861
2024-12-18 17:53:48,096 - INFO: Loss: 0.268246
2024-12-18 17:53:48,096 - INFO: Training ROC-AUC: 0.937143
2024-12-18 17:53:48,096 - INFO: Validation ROC-AUC: 0.824759
2024-12-18 17:54:01,545 - INFO: Evaluating at iteration 19361
2024-12-18 17:54:02,126 - INFO: Loss: 0.254770
2024-12-18 17:54:02,127 - INFO: Training ROC-AUC: 0.903846
2024-12-18 17:54:02,127 - INFO: Validation ROC-AUC: 0.822421
2024-12-18 17:54:14,015 - INFO: Starting epoch 22
2024-12-18 17:54:14,042 - INFO: Evaluating at iteration 19804
2024-12-18 17:54:14,630 - INFO: Loss: 0.338224
2024-12-18 17:54:14,630 - INFO: Training ROC-AUC: 0.862857
2024-12-18 17:54:14,630 - INFO: Validation ROC-AUC: 0.826504
2024-12-18 17:54:28,027 - INFO: Evaluating at iteration 20304
2024-12-18 17:54:28,611 - INFO: Loss: 0.333945
2024-12-18 17:54:28,611 - INFO: Training ROC-AUC: 0.902857
2024-12-18 17:54:28,611 - INFO: Validation ROC-AUC: 0.824301
2024-12-18 17:54:40,481 - INFO: Starting epoch 23
2024-12-18 17:54:40,514 - INFO: Evaluating at iteration 20747
2024-12-18 17:54:41,096 - INFO: Loss: 0.141928
2024-12-18 17:54:41,096 - INFO: Training ROC-AUC: 1.000000
2024-12-18 17:54:41,096 - INFO: Validation ROC-AUC: 0.825714
2024-12-18 17:54:54,537 - INFO: Evaluating at iteration 21247
2024-12-18 17:54:55,122 - INFO: Loss: 0.437594
2024-12-18 17:54:55,122 - INFO: Training ROC-AUC: 0.725926
2024-12-18 17:54:55,122 - INFO: Validation ROC-AUC: 0.825209
2024-12-18 17:55:07,046 - INFO: Starting epoch 24
2024-12-18 17:55:07,074 - INFO: Evaluating at iteration 21690
2024-12-18 17:55:07,666 - INFO: Loss: 0.268266
2024-12-18 17:55:07,666 - INFO: Training ROC-AUC: 0.839286
2024-12-18 17:55:07,666 - INFO: Validation ROC-AUC: 0.825916
2024-12-18 17:55:21,172 - INFO: Evaluating at iteration 22190
2024-12-18 17:55:21,761 - INFO: Loss: 0.300355
2024-12-18 17:55:21,761 - INFO: Training ROC-AUC: 0.959091
2024-12-18 17:55:21,761 - INFO: Validation ROC-AUC: 0.823615
2024-12-18 17:55:33,647 - INFO: Starting epoch 25
2024-12-18 17:55:33,675 - INFO: Evaluating at iteration 22633
2024-12-18 17:55:34,255 - INFO: Loss: 0.113303
2024-12-18 17:55:34,255 - INFO: Training ROC-AUC: 0.977011
2024-12-18 17:55:34,256 - INFO: Validation ROC-AUC: 0.822525
2024-12-18 17:55:47,728 - INFO: Evaluating at iteration 23133
2024-12-18 17:55:48,316 - INFO: Loss: 0.269242
2024-12-18 17:55:48,316 - INFO: Training ROC-AUC: 0.931429
2024-12-18 17:55:48,316 - INFO: Validation ROC-AUC: 0.819416
2024-12-18 17:56:00,180 - INFO: Saving model to models/TCRContactMapPredictor/model_2.pt
2024-12-18 17:56:00,190 - INFO: Starting fold 3
2024-12-18 17:56:00,190 - INFO: Initialising model
2024-12-18 17:56:00,201 - INFO: Starting training
2024-12-18 17:56:00,201 - INFO: Starting epoch 1
2024-12-18 17:56:00,228 - INFO: Evaluating at iteration 1
2024-12-18 17:56:00,811 - INFO: Loss: 0.700801
2024-12-18 17:56:00,811 - INFO: Training ROC-AUC: 0.370370
2024-12-18 17:56:00,811 - INFO: Validation ROC-AUC: 0.517029
2024-12-18 17:56:13,436 - INFO: Evaluating at iteration 501
2024-12-18 17:56:14,016 - INFO: Loss: 0.400954
2024-12-18 17:56:14,016 - INFO: Training ROC-AUC: 0.473214
2024-12-18 17:56:14,016 - INFO: Validation ROC-AUC: 0.477703
2024-12-18 17:56:25,869 - INFO: Starting epoch 2
2024-12-18 17:56:25,896 - INFO: Evaluating at iteration 944
2024-12-18 17:56:26,476 - INFO: Loss: 0.487347
2024-12-18 17:56:26,476 - INFO: Training ROC-AUC: 0.512821
2024-12-18 17:56:26,476 - INFO: Validation ROC-AUC: 0.480795
2024-12-18 17:56:39,972 - INFO: Evaluating at iteration 1444
2024-12-18 17:56:40,556 - INFO: Loss: 0.671616
2024-12-18 17:56:40,557 - INFO: Training ROC-AUC: 0.518182
2024-12-18 17:56:40,557 - INFO: Validation ROC-AUC: 0.635469
2024-12-18 17:56:52,510 - INFO: Starting epoch 3
2024-12-18 17:56:52,537 - INFO: Evaluating at iteration 1887
2024-12-18 17:56:53,130 - INFO: Loss: 0.398366
2024-12-18 17:56:53,131 - INFO: Training ROC-AUC: 0.592593
2024-12-18 17:56:53,131 - INFO: Validation ROC-AUC: 0.701048
2024-12-18 17:57:06,752 - INFO: Evaluating at iteration 2387
2024-12-18 17:57:07,337 - INFO: Loss: 0.454861
2024-12-18 17:57:07,337 - INFO: Training ROC-AUC: 0.577778
2024-12-18 17:57:07,337 - INFO: Validation ROC-AUC: 0.718500
2024-12-18 17:57:19,360 - INFO: Starting epoch 4
2024-12-18 17:57:19,386 - INFO: Evaluating at iteration 2830
2024-12-18 17:57:19,971 - INFO: Loss: 0.415763
2024-12-18 17:57:19,971 - INFO: Training ROC-AUC: 0.679487
2024-12-18 17:57:19,971 - INFO: Validation ROC-AUC: 0.755533
2024-12-18 17:57:33,360 - INFO: Evaluating at iteration 3330
2024-12-18 17:57:33,948 - INFO: Loss: 0.307635
2024-12-18 17:57:33,948 - INFO: Training ROC-AUC: 0.758621
2024-12-18 17:57:33,948 - INFO: Validation ROC-AUC: 0.765820
2024-12-18 17:57:45,723 - INFO: Starting epoch 5
2024-12-18 17:57:45,749 - INFO: Evaluating at iteration 3773
2024-12-18 17:57:46,339 - INFO: Loss: 0.254681
2024-12-18 17:57:46,339 - INFO: Training ROC-AUC: 0.896552
2024-12-18 17:57:46,339 - INFO: Validation ROC-AUC: 0.774019
2024-12-18 17:57:59,746 - INFO: Evaluating at iteration 4273
2024-12-18 17:58:00,336 - INFO: Loss: 0.451561
2024-12-18 17:58:00,336 - INFO: Training ROC-AUC: 0.702857
2024-12-18 17:58:00,336 - INFO: Validation ROC-AUC: 0.784610
2024-12-18 17:58:12,148 - INFO: Starting epoch 6
2024-12-18 17:58:12,175 - INFO: Evaluating at iteration 4716
2024-12-18 17:58:12,759 - INFO: Loss: 0.433278
2024-12-18 17:58:12,759 - INFO: Training ROC-AUC: 0.788462
2024-12-18 17:58:12,759 - INFO: Validation ROC-AUC: 0.786208
2024-12-18 17:58:26,101 - INFO: Evaluating at iteration 5216
2024-12-18 17:58:26,702 - INFO: Loss: 0.262009
2024-12-18 17:58:26,702 - INFO: Training ROC-AUC: 0.866667
2024-12-18 17:58:26,702 - INFO: Validation ROC-AUC: 0.791864
2024-12-18 17:58:38,558 - INFO: Starting epoch 7
2024-12-18 17:58:38,586 - INFO: Evaluating at iteration 5659
2024-12-18 17:58:39,175 - INFO: Loss: 0.286516
2024-12-18 17:58:39,175 - INFO: Training ROC-AUC: 0.781609
2024-12-18 17:58:39,175 - INFO: Validation ROC-AUC: 0.796027
2024-12-18 17:58:52,662 - INFO: Evaluating at iteration 6159
2024-12-18 17:58:53,252 - INFO: Loss: 0.294633
2024-12-18 17:58:53,252 - INFO: Training ROC-AUC: 0.891026
2024-12-18 17:58:53,252 - INFO: Validation ROC-AUC: 0.793849
2024-12-18 17:59:05,069 - INFO: Starting epoch 8
2024-12-18 17:59:05,096 - INFO: Evaluating at iteration 6602
2024-12-18 17:59:05,699 - INFO: Loss: 0.503882
2024-12-18 17:59:05,699 - INFO: Training ROC-AUC: 0.782609
2024-12-18 17:59:05,699 - INFO: Validation ROC-AUC: 0.798741
2024-12-18 17:59:19,184 - INFO: Evaluating at iteration 7102
2024-12-18 17:59:19,770 - INFO: Loss: 0.379202
2024-12-18 17:59:19,771 - INFO: Training ROC-AUC: 0.906250
2024-12-18 17:59:19,771 - INFO: Validation ROC-AUC: 0.795024
2024-12-18 17:59:31,582 - INFO: Starting epoch 9
2024-12-18 17:59:31,610 - INFO: Evaluating at iteration 7545
2024-12-18 17:59:32,192 - INFO: Loss: 0.340268
2024-12-18 17:59:32,192 - INFO: Training ROC-AUC: 0.762963
2024-12-18 17:59:32,192 - INFO: Validation ROC-AUC: 0.798566
2024-12-18 17:59:45,603 - INFO: Evaluating at iteration 8045
2024-12-18 17:59:46,186 - INFO: Loss: 0.240726
2024-12-18 17:59:46,186 - INFO: Training ROC-AUC: 0.919540
2024-12-18 17:59:46,186 - INFO: Validation ROC-AUC: 0.798895
2024-12-18 17:59:57,993 - INFO: Starting epoch 10
2024-12-18 17:59:58,020 - INFO: Evaluating at iteration 8488
2024-12-18 17:59:58,608 - INFO: Loss: 0.227507
2024-12-18 17:59:58,608 - INFO: Training ROC-AUC: 0.967742
2024-12-18 17:59:58,608 - INFO: Validation ROC-AUC: 0.803716
2024-12-18 18:00:12,029 - INFO: Evaluating at iteration 8988
2024-12-18 18:00:12,619 - INFO: Loss: 0.348381
2024-12-18 18:00:12,619 - INFO: Training ROC-AUC: 0.891026
2024-12-18 18:00:12,619 - INFO: Validation ROC-AUC: 0.804691
2024-12-18 18:00:24,423 - INFO: Starting epoch 11
2024-12-18 18:00:24,450 - INFO: Evaluating at iteration 9431
2024-12-18 18:00:25,030 - INFO: Loss: 0.301477
2024-12-18 18:00:25,030 - INFO: Training ROC-AUC: 0.866667
2024-12-18 18:00:25,030 - INFO: Validation ROC-AUC: 0.803530
2024-12-18 18:00:38,444 - INFO: Evaluating at iteration 9931
2024-12-18 18:00:39,029 - INFO: Loss: 0.343251
2024-12-18 18:00:39,029 - INFO: Training ROC-AUC: 0.852564
2024-12-18 18:00:39,029 - INFO: Validation ROC-AUC: 0.800224
2024-12-18 18:00:50,859 - INFO: Starting epoch 12
2024-12-18 18:00:50,887 - INFO: Evaluating at iteration 10374
2024-12-18 18:00:51,480 - INFO: Loss: 0.241473
2024-12-18 18:00:51,480 - INFO: Training ROC-AUC: 0.848214
2024-12-18 18:00:51,481 - INFO: Validation ROC-AUC: 0.803848
2024-12-18 18:01:04,792 - INFO: Evaluating at iteration 10874
2024-12-18 18:01:05,387 - INFO: Loss: 0.082600
2024-12-18 18:01:05,387 - INFO: Training ROC-AUC: 1.000000
2024-12-18 18:01:05,387 - INFO: Validation ROC-AUC: 0.803086
2024-12-18 18:01:17,189 - INFO: Starting epoch 13
2024-12-18 18:01:17,219 - INFO: Evaluating at iteration 11317
2024-12-18 18:01:17,803 - INFO: Loss: 0.352620
2024-12-18 18:01:17,804 - INFO: Training ROC-AUC: 0.857143
2024-12-18 18:01:17,804 - INFO: Validation ROC-AUC: 0.808545
2024-12-18 18:01:31,106 - INFO: Evaluating at iteration 11817
2024-12-18 18:01:31,694 - INFO: Loss: 0.113883
2024-12-18 18:01:31,694 - INFO: Training ROC-AUC: 1.000000
2024-12-18 18:01:31,694 - INFO: Validation ROC-AUC: 0.806824
2024-12-18 18:01:43,439 - INFO: Starting epoch 14
2024-12-18 18:01:43,466 - INFO: Evaluating at iteration 12260
2024-12-18 18:01:44,046 - INFO: Loss: 0.269929
2024-12-18 18:01:44,047 - INFO: Training ROC-AUC: 0.903704
2024-12-18 18:01:44,047 - INFO: Validation ROC-AUC: 0.809050
2024-12-18 18:01:57,381 - INFO: Evaluating at iteration 12760
2024-12-18 18:01:57,959 - INFO: Loss: 0.134367
2024-12-18 18:01:57,959 - INFO: Training ROC-AUC: 0.982143
2024-12-18 18:01:57,959 - INFO: Validation ROC-AUC: 0.810196
2024-12-18 18:02:09,767 - INFO: Starting epoch 15
2024-12-18 18:02:09,794 - INFO: Evaluating at iteration 13203
2024-12-18 18:02:10,380 - INFO: Loss: 0.170059
2024-12-18 18:02:10,381 - INFO: Training ROC-AUC: 0.942529
2024-12-18 18:02:10,381 - INFO: Validation ROC-AUC: 0.808130
2024-12-18 18:02:23,722 - INFO: Evaluating at iteration 13703
2024-12-18 18:02:24,308 - INFO: Loss: 0.175261
2024-12-18 18:02:24,308 - INFO: Training ROC-AUC: 1.000000
2024-12-18 18:02:24,308 - INFO: Validation ROC-AUC: 0.810843
2024-12-18 18:02:36,206 - INFO: Starting epoch 16
2024-12-18 18:02:36,233 - INFO: Evaluating at iteration 14146
2024-12-18 18:02:36,824 - INFO: Loss: 0.082489
2024-12-18 18:02:36,824 - INFO: Training ROC-AUC: 1.000000
2024-12-18 18:02:36,824 - INFO: Validation ROC-AUC: 0.811217
2024-12-18 18:02:50,266 - INFO: Evaluating at iteration 14646
2024-12-18 18:02:50,849 - INFO: Loss: 0.244298
2024-12-18 18:02:50,849 - INFO: Training ROC-AUC: 0.885057
2024-12-18 18:02:50,849 - INFO: Validation ROC-AUC: 0.810063
2024-12-18 18:03:02,723 - INFO: Starting epoch 17
2024-12-18 18:03:02,750 - INFO: Evaluating at iteration 15089
2024-12-18 18:03:03,335 - INFO: Loss: 0.215103
2024-12-18 18:03:03,335 - INFO: Training ROC-AUC: 0.948718
2024-12-18 18:03:03,335 - INFO: Validation ROC-AUC: 0.811502
2024-12-18 18:03:16,834 - INFO: Evaluating at iteration 15589
2024-12-18 18:03:17,422 - INFO: Loss: 0.277650
2024-12-18 18:03:17,422 - INFO: Training ROC-AUC: 0.896296
2024-12-18 18:03:17,422 - INFO: Validation ROC-AUC: 0.815920
2024-12-18 18:03:29,259 - INFO: Starting epoch 18
2024-12-18 18:03:29,286 - INFO: Evaluating at iteration 16032
2024-12-18 18:03:29,875 - INFO: Loss: 0.204669
2024-12-18 18:03:29,875 - INFO: Training ROC-AUC: 0.968750
2024-12-18 18:03:29,875 - INFO: Validation ROC-AUC: 0.813213
2024-12-18 18:03:43,247 - INFO: Evaluating at iteration 16532
2024-12-18 18:03:43,837 - INFO: Loss: 0.225675
2024-12-18 18:03:43,837 - INFO: Training ROC-AUC: 0.928571
2024-12-18 18:03:43,838 - INFO: Validation ROC-AUC: 0.811451
2024-12-18 18:03:55,665 - INFO: Starting epoch 19
2024-12-18 18:03:55,694 - INFO: Evaluating at iteration 16975
2024-12-18 18:03:56,288 - INFO: Loss: 0.213637
2024-12-18 18:03:56,288 - INFO: Training ROC-AUC: 0.933333
2024-12-18 18:03:56,288 - INFO: Validation ROC-AUC: 0.815024
2024-12-18 18:04:09,596 - INFO: Evaluating at iteration 17475
2024-12-18 18:04:10,183 - INFO: Loss: 0.288970
2024-12-18 18:04:10,183 - INFO: Training ROC-AUC: 0.937500
2024-12-18 18:04:10,183 - INFO: Validation ROC-AUC: 0.812947
2024-12-18 18:04:22,075 - INFO: Starting epoch 20
2024-12-18 18:04:22,102 - INFO: Evaluating at iteration 17918
2024-12-18 18:04:22,692 - INFO: Loss: 0.119132
2024-12-18 18:04:22,692 - INFO: Training ROC-AUC: 1.000000
2024-12-18 18:04:22,692 - INFO: Validation ROC-AUC: 0.813613
2024-12-18 18:04:36,091 - INFO: Evaluating at iteration 18418
2024-12-18 18:04:36,680 - INFO: Loss: 0.210675
2024-12-18 18:04:36,680 - INFO: Training ROC-AUC: 0.981818
2024-12-18 18:04:36,680 - INFO: Validation ROC-AUC: 0.813400
2024-12-18 18:04:48,555 - INFO: Starting epoch 21
2024-12-18 18:04:48,584 - INFO: Evaluating at iteration 18861
2024-12-18 18:04:49,163 - INFO: Loss: 0.096475
2024-12-18 18:04:49,163 - INFO: Training ROC-AUC: 1.000000
2024-12-18 18:04:49,163 - INFO: Validation ROC-AUC: 0.815760
2024-12-18 18:05:02,518 - INFO: Evaluating at iteration 19361
2024-12-18 18:05:03,098 - INFO: Loss: 0.268025
2024-12-18 18:05:03,098 - INFO: Training ROC-AUC: 0.888889
2024-12-18 18:05:03,098 - INFO: Validation ROC-AUC: 0.814383
2024-12-18 18:05:14,968 - INFO: Starting epoch 22
2024-12-18 18:05:14,994 - INFO: Evaluating at iteration 19804
2024-12-18 18:05:15,580 - INFO: Loss: 0.142762
2024-12-18 18:05:15,580 - INFO: Training ROC-AUC: 1.000000
2024-12-18 18:05:15,580 - INFO: Validation ROC-AUC: 0.813506
2024-12-18 18:05:29,114 - INFO: Evaluating at iteration 20304
2024-12-18 18:05:29,704 - INFO: Loss: 0.158515
2024-12-18 18:05:29,704 - INFO: Training ROC-AUC: 0.988506
2024-12-18 18:05:29,704 - INFO: Validation ROC-AUC: 0.814110
2024-12-18 18:05:41,541 - INFO: Starting epoch 23
2024-12-18 18:05:41,570 - INFO: Evaluating at iteration 20747
2024-12-18 18:05:42,172 - INFO: Loss: 0.196018
2024-12-18 18:05:42,172 - INFO: Training ROC-AUC: 0.862069
2024-12-18 18:05:42,172 - INFO: Validation ROC-AUC: 0.813497
2024-12-18 18:05:55,546 - INFO: Evaluating at iteration 21247
2024-12-18 18:05:56,128 - INFO: Loss: 0.126794
2024-12-18 18:05:56,128 - INFO: Training ROC-AUC: 1.000000
2024-12-18 18:05:56,128 - INFO: Validation ROC-AUC: 0.812440
2024-12-18 18:06:07,959 - INFO: Starting epoch 24
2024-12-18 18:06:07,985 - INFO: Evaluating at iteration 21690
2024-12-18 18:06:08,569 - INFO: Loss: 0.224836
2024-12-18 18:06:08,569 - INFO: Training ROC-AUC: 0.885057
2024-12-18 18:06:08,569 - INFO: Validation ROC-AUC: 0.814871
2024-12-18 18:06:21,918 - INFO: Evaluating at iteration 22190
2024-12-18 18:06:22,505 - INFO: Loss: 0.178757
2024-12-18 18:06:22,505 - INFO: Training ROC-AUC: 0.980769
2024-12-18 18:06:22,505 - INFO: Validation ROC-AUC: 0.811560
2024-12-18 18:06:34,289 - INFO: Starting epoch 25
2024-12-18 18:06:34,316 - INFO: Evaluating at iteration 22633
2024-12-18 18:06:34,900 - INFO: Loss: 0.201665
2024-12-18 18:06:34,900 - INFO: Training ROC-AUC: 0.850000
2024-12-18 18:06:34,900 - INFO: Validation ROC-AUC: 0.813560
2024-12-18 18:06:48,251 - INFO: Evaluating at iteration 23133
2024-12-18 18:06:48,842 - INFO: Loss: 0.393469
2024-12-18 18:06:48,842 - INFO: Training ROC-AUC: 0.913636
2024-12-18 18:06:48,842 - INFO: Validation ROC-AUC: 0.812032
2024-12-18 18:07:00,641 - INFO: Saving model to models/TCRContactMapPredictor/model_3.pt
2024-12-18 18:07:00,654 - INFO: Starting fold 4
2024-12-18 18:07:00,654 - INFO: Initialising model
2024-12-18 18:07:00,665 - INFO: Starting training
2024-12-18 18:07:00,665 - INFO: Starting epoch 1
2024-12-18 18:07:00,692 - INFO: Evaluating at iteration 1
2024-12-18 18:07:01,282 - INFO: Loss: 0.698009
2024-12-18 18:07:01,282 - INFO: Training ROC-AUC: 0.371795
2024-12-18 18:07:01,282 - INFO: Validation ROC-AUC: 0.513236
2024-12-18 18:07:13,914 - INFO: Evaluating at iteration 501
2024-12-18 18:07:14,500 - INFO: Loss: 0.331316
2024-12-18 18:07:14,501 - INFO: Training ROC-AUC: 0.597701
2024-12-18 18:07:14,501 - INFO: Validation ROC-AUC: 0.485699
2024-12-18 18:07:26,414 - INFO: Starting epoch 2
2024-12-18 18:07:26,443 - INFO: Evaluating at iteration 944
2024-12-18 18:07:27,053 - INFO: Loss: 0.477651
2024-12-18 18:07:27,054 - INFO: Training ROC-AUC: 0.634615
2024-12-18 18:07:27,054 - INFO: Validation ROC-AUC: 0.491681
2024-12-18 18:07:40,451 - INFO: Evaluating at iteration 1444
2024-12-18 18:07:41,043 - INFO: Loss: 0.325496
2024-12-18 18:07:41,043 - INFO: Training ROC-AUC: 0.643678
2024-12-18 18:07:41,043 - INFO: Validation ROC-AUC: 0.583482
2024-12-18 18:07:52,698 - INFO: Starting epoch 3
2024-12-18 18:07:52,724 - INFO: Evaluating at iteration 1887
2024-12-18 18:07:53,317 - INFO: Loss: 0.344225
2024-12-18 18:07:53,317 - INFO: Training ROC-AUC: 0.851852
2024-12-18 18:07:53,317 - INFO: Validation ROC-AUC: 0.713163
2024-12-18 18:08:06,323 - INFO: Evaluating at iteration 2387
2024-12-18 18:08:06,902 - INFO: Loss: 0.359356
2024-12-18 18:08:06,902 - INFO: Training ROC-AUC: 0.637037
2024-12-18 18:08:06,902 - INFO: Validation ROC-AUC: 0.729498
2024-12-18 18:08:18,426 - INFO: Starting epoch 4
2024-12-18 18:08:18,452 - INFO: Evaluating at iteration 2830
2024-12-18 18:08:19,034 - INFO: Loss: 0.337142
2024-12-18 18:08:19,035 - INFO: Training ROC-AUC: 0.758929
2024-12-18 18:08:19,035 - INFO: Validation ROC-AUC: 0.744650
2024-12-18 18:08:31,935 - INFO: Evaluating at iteration 3330
2024-12-18 18:08:32,520 - INFO: Loss: 0.316797
2024-12-18 18:08:32,520 - INFO: Training ROC-AUC: 0.859259
2024-12-18 18:08:32,520 - INFO: Validation ROC-AUC: 0.756090
2024-12-18 18:08:43,974 - INFO: Starting epoch 5
2024-12-18 18:08:44,001 - INFO: Evaluating at iteration 3773
2024-12-18 18:08:44,595 - INFO: Loss: 0.407721
2024-12-18 18:08:44,595 - INFO: Training ROC-AUC: 0.839744
2024-12-18 18:08:44,595 - INFO: Validation ROC-AUC: 0.765170
2024-12-18 18:08:57,617 - INFO: Evaluating at iteration 4273
2024-12-18 18:08:58,195 - INFO: Loss: 0.438125
2024-12-18 18:08:58,195 - INFO: Training ROC-AUC: 0.714286
2024-12-18 18:08:58,195 - INFO: Validation ROC-AUC: 0.771906
2024-12-18 18:09:09,630 - INFO: Starting epoch 6
2024-12-18 18:09:09,657 - INFO: Evaluating at iteration 4716
2024-12-18 18:09:10,254 - INFO: Loss: 0.145648
2024-12-18 18:09:10,254 - INFO: Training ROC-AUC: 1.000000
2024-12-18 18:09:10,254 - INFO: Validation ROC-AUC: 0.781504
2024-12-18 18:09:23,293 - INFO: Evaluating at iteration 5216
2024-12-18 18:09:23,877 - INFO: Loss: 0.362280
2024-12-18 18:09:23,877 - INFO: Training ROC-AUC: 0.689655
2024-12-18 18:09:23,877 - INFO: Validation ROC-AUC: 0.788210
2024-12-18 18:09:35,406 - INFO: Starting epoch 7
2024-12-18 18:09:35,432 - INFO: Evaluating at iteration 5659
2024-12-18 18:09:36,032 - INFO: Loss: 0.298223
2024-12-18 18:09:36,032 - INFO: Training ROC-AUC: 0.812500
2024-12-18 18:09:36,032 - INFO: Validation ROC-AUC: 0.793844
2024-12-18 18:09:49,113 - INFO: Evaluating at iteration 6159
2024-12-18 18:09:49,699 - INFO: Loss: 0.265012
2024-12-18 18:09:49,700 - INFO: Training ROC-AUC: 0.724138
2024-12-18 18:09:49,700 - INFO: Validation ROC-AUC: 0.799347
2024-12-18 18:10:01,271 - INFO: Starting epoch 8
2024-12-18 18:10:01,297 - INFO: Evaluating at iteration 6602
2024-12-18 18:10:01,880 - INFO: Loss: 0.477070
2024-12-18 18:10:01,880 - INFO: Training ROC-AUC: 0.895833
2024-12-18 18:10:01,880 - INFO: Validation ROC-AUC: 0.798951
2024-12-18 18:10:14,941 - INFO: Evaluating at iteration 7102
2024-12-18 18:10:15,527 - INFO: Loss: 0.204574
2024-12-18 18:10:15,527 - INFO: Training ROC-AUC: 0.883929
2024-12-18 18:10:15,527 - INFO: Validation ROC-AUC: 0.804909
2024-12-18 18:10:27,083 - INFO: Starting epoch 9
2024-12-18 18:10:27,109 - INFO: Evaluating at iteration 7545
2024-12-18 18:10:27,696 - INFO: Loss: 0.424360
2024-12-18 18:10:27,696 - INFO: Training ROC-AUC: 0.843750
2024-12-18 18:10:27,696 - INFO: Validation ROC-AUC: 0.807733
2024-12-18 18:10:40,733 - INFO: Evaluating at iteration 8045
2024-12-18 18:10:41,312 - INFO: Loss: 0.209802
2024-12-18 18:10:41,312 - INFO: Training ROC-AUC: 0.931034
2024-12-18 18:10:41,312 - INFO: Validation ROC-AUC: 0.807792
2024-12-18 18:10:52,851 - INFO: Starting epoch 10
2024-12-18 18:10:52,877 - INFO: Evaluating at iteration 8488
2024-12-18 18:10:53,455 - INFO: Loss: 0.555477
2024-12-18 18:10:53,455 - INFO: Training ROC-AUC: 0.657143
2024-12-18 18:10:53,455 - INFO: Validation ROC-AUC: 0.812417
2024-12-18 18:11:06,529 - INFO: Evaluating at iteration 8988
2024-12-18 18:11:07,116 - INFO: Loss: 0.332428
2024-12-18 18:11:07,116 - INFO: Training ROC-AUC: 0.885714
2024-12-18 18:11:07,116 - INFO: Validation ROC-AUC: 0.813537
2024-12-18 18:11:18,683 - INFO: Starting epoch 11
2024-12-18 18:11:18,709 - INFO: Evaluating at iteration 9431
2024-12-18 18:11:19,304 - INFO: Loss: 0.255278
2024-12-18 18:11:19,304 - INFO: Training ROC-AUC: 0.888889
2024-12-18 18:11:19,304 - INFO: Validation ROC-AUC: 0.814840
2024-12-18 18:11:32,266 - INFO: Evaluating at iteration 9931
2024-12-18 18:11:32,854 - INFO: Loss: 0.254260
2024-12-18 18:11:32,854 - INFO: Training ROC-AUC: 0.916667
2024-12-18 18:11:32,854 - INFO: Validation ROC-AUC: 0.815516
2024-12-18 18:11:44,394 - INFO: Starting epoch 12
2024-12-18 18:11:44,420 - INFO: Evaluating at iteration 10374
2024-12-18 18:11:45,008 - INFO: Loss: 0.277366
2024-12-18 18:11:45,008 - INFO: Training ROC-AUC: 0.812500
2024-12-18 18:11:45,008 - INFO: Validation ROC-AUC: 0.817238
2024-12-18 18:11:58,098 - INFO: Evaluating at iteration 10874
2024-12-18 18:11:58,680 - INFO: Loss: 0.277986
2024-12-18 18:11:58,681 - INFO: Training ROC-AUC: 0.839286
2024-12-18 18:11:58,681 - INFO: Validation ROC-AUC: 0.819327
2024-12-18 18:12:10,176 - INFO: Starting epoch 13
2024-12-18 18:12:10,203 - INFO: Evaluating at iteration 11317
2024-12-18 18:12:10,794 - INFO: Loss: 0.243939
2024-12-18 18:12:10,794 - INFO: Training ROC-AUC: 0.960000
2024-12-18 18:12:10,794 - INFO: Validation ROC-AUC: 0.820221
2024-12-18 18:12:23,872 - INFO: Evaluating at iteration 11817
2024-12-18 18:12:24,458 - INFO: Loss: 0.287342
2024-12-18 18:12:24,458 - INFO: Training ROC-AUC: 0.903846
2024-12-18 18:12:24,458 - INFO: Validation ROC-AUC: 0.818652
2024-12-18 18:12:36,051 - INFO: Starting epoch 14
2024-12-18 18:12:36,077 - INFO: Evaluating at iteration 12260
2024-12-18 18:12:36,663 - INFO: Loss: 0.099586
2024-12-18 18:12:36,663 - INFO: Training ROC-AUC: 1.000000
2024-12-18 18:12:36,663 - INFO: Validation ROC-AUC: 0.819751
2024-12-18 18:12:49,782 - INFO: Evaluating at iteration 12760
2024-12-18 18:12:50,369 - INFO: Loss: 0.187813
2024-12-18 18:12:50,369 - INFO: Training ROC-AUC: 0.783333
2024-12-18 18:12:50,369 - INFO: Validation ROC-AUC: 0.820197
2024-12-18 18:13:01,988 - INFO: Starting epoch 15
2024-12-18 18:13:02,017 - INFO: Evaluating at iteration 13203
2024-12-18 18:13:02,597 - INFO: Loss: 0.195705
2024-12-18 18:13:02,597 - INFO: Training ROC-AUC: 0.993590
2024-12-18 18:13:02,597 - INFO: Validation ROC-AUC: 0.820338
2024-12-18 18:13:15,784 - INFO: Evaluating at iteration 13703
2024-12-18 18:13:16,365 - INFO: Loss: 0.255243
2024-12-18 18:13:16,365 - INFO: Training ROC-AUC: 0.901786
2024-12-18 18:13:16,365 - INFO: Validation ROC-AUC: 0.817679
2024-12-18 18:13:27,999 - INFO: Starting epoch 16
2024-12-18 18:13:28,027 - INFO: Evaluating at iteration 14146
2024-12-18 18:13:28,615 - INFO: Loss: 0.204196
2024-12-18 18:13:28,615 - INFO: Training ROC-AUC: 0.967949
2024-12-18 18:13:28,615 - INFO: Validation ROC-AUC: 0.817711
2024-12-18 18:13:41,819 - INFO: Evaluating at iteration 14646
2024-12-18 18:13:42,411 - INFO: Loss: 0.306789
2024-12-18 18:13:42,411 - INFO: Training ROC-AUC: 0.848214
2024-12-18 18:13:42,411 - INFO: Validation ROC-AUC: 0.818437
2024-12-18 18:13:54,079 - INFO: Starting epoch 17
2024-12-18 18:13:54,105 - INFO: Evaluating at iteration 15089
2024-12-18 18:13:54,691 - INFO: Loss: 0.385854
2024-12-18 18:13:54,691 - INFO: Training ROC-AUC: 0.805714
2024-12-18 18:13:54,691 - INFO: Validation ROC-AUC: 0.826039
2024-12-18 18:14:07,826 - INFO: Evaluating at iteration 15589
2024-12-18 18:14:08,409 - INFO: Loss: 0.200760
2024-12-18 18:14:08,409 - INFO: Training ROC-AUC: 0.910714
2024-12-18 18:14:08,409 - INFO: Validation ROC-AUC: 0.822915
2024-12-18 18:14:20,056 - INFO: Starting epoch 18
2024-12-18 18:14:20,085 - INFO: Evaluating at iteration 16032
2024-12-18 18:14:20,663 - INFO: Loss: 0.104227
2024-12-18 18:14:20,663 - INFO: Training ROC-AUC: 1.000000
2024-12-18 18:14:20,663 - INFO: Validation ROC-AUC: 0.822180
2024-12-18 18:14:33,892 - INFO: Evaluating at iteration 16532
2024-12-18 18:14:34,485 - INFO: Loss: 0.253100
2024-12-18 18:14:34,485 - INFO: Training ROC-AUC: 0.971429
2024-12-18 18:14:34,485 - INFO: Validation ROC-AUC: 0.820427
2024-12-18 18:14:46,159 - INFO: Starting epoch 19
2024-12-18 18:14:46,187 - INFO: Evaluating at iteration 16975
2024-12-18 18:14:46,769 - INFO: Loss: 0.215670
2024-12-18 18:14:46,769 - INFO: Training ROC-AUC: 0.897436
2024-12-18 18:14:46,769 - INFO: Validation ROC-AUC: 0.821096
2024-12-18 18:15:00,011 - INFO: Evaluating at iteration 17475
2024-12-18 18:15:00,598 - INFO: Loss: 0.223553
2024-12-18 18:15:00,598 - INFO: Training ROC-AUC: 0.911111
2024-12-18 18:15:00,598 - INFO: Validation ROC-AUC: 0.818733
2024-12-18 18:15:12,256 - INFO: Starting epoch 20
2024-12-18 18:15:12,282 - INFO: Evaluating at iteration 17918
2024-12-18 18:15:12,861 - INFO: Loss: 0.186224
2024-12-18 18:15:12,862 - INFO: Training ROC-AUC: 0.970370
2024-12-18 18:15:12,862 - INFO: Validation ROC-AUC: 0.824952
2024-12-18 18:15:26,117 - INFO: Evaluating at iteration 18418
2024-12-18 18:15:26,729 - INFO: Loss: 0.177711
2024-12-18 18:15:26,729 - INFO: Training ROC-AUC: 0.965714
2024-12-18 18:15:26,729 - INFO: Validation ROC-AUC: 0.823286
2024-12-18 18:15:38,375 - INFO: Starting epoch 21
2024-12-18 18:15:38,401 - INFO: Evaluating at iteration 18861
2024-12-18 18:15:38,990 - INFO: Loss: 0.187669
2024-12-18 18:15:38,991 - INFO: Training ROC-AUC: 0.970370
2024-12-18 18:15:38,991 - INFO: Validation ROC-AUC: 0.824582
2024-12-18 18:15:52,154 - INFO: Evaluating at iteration 19361
2024-12-18 18:15:52,750 - INFO: Loss: 0.349843
2024-12-18 18:15:52,750 - INFO: Training ROC-AUC: 0.833333
2024-12-18 18:15:52,750 - INFO: Validation ROC-AUC: 0.824082
2024-12-18 18:16:04,465 - INFO: Starting epoch 22
2024-12-18 18:16:04,495 - INFO: Evaluating at iteration 19804
2024-12-18 18:16:05,083 - INFO: Loss: 0.191366
2024-12-18 18:16:05,083 - INFO: Training ROC-AUC: 0.896552
2024-12-18 18:16:05,083 - INFO: Validation ROC-AUC: 0.821935
2024-12-18 18:16:18,344 - INFO: Evaluating at iteration 20304
2024-12-18 18:16:18,926 - INFO: Loss: 0.206480
2024-12-18 18:16:18,926 - INFO: Training ROC-AUC: 0.987179
2024-12-18 18:16:18,926 - INFO: Validation ROC-AUC: 0.822091
2024-12-18 18:16:30,640 - INFO: Starting epoch 23
2024-12-18 18:16:30,670 - INFO: Evaluating at iteration 20747
2024-12-18 18:16:31,256 - INFO: Loss: 0.174568
2024-12-18 18:16:31,256 - INFO: Training ROC-AUC: 0.961538
2024-12-18 18:16:31,256 - INFO: Validation ROC-AUC: 0.824195
2024-12-18 18:16:44,529 - INFO: Evaluating at iteration 21247
2024-12-18 18:16:45,103 - INFO: Loss: 0.152082
2024-12-18 18:16:45,103 - INFO: Training ROC-AUC: 0.985185
2024-12-18 18:16:45,103 - INFO: Validation ROC-AUC: 0.823086
2024-12-18 18:16:56,775 - INFO: Starting epoch 24
2024-12-18 18:16:56,804 - INFO: Evaluating at iteration 21690
2024-12-18 18:16:57,400 - INFO: Loss: 0.154101
2024-12-18 18:16:57,400 - INFO: Training ROC-AUC: 0.988571
2024-12-18 18:16:57,400 - INFO: Validation ROC-AUC: 0.824490
2024-12-18 18:17:10,721 - INFO: Evaluating at iteration 22190
2024-12-18 18:17:11,316 - INFO: Loss: 0.303224
2024-12-18 18:17:11,316 - INFO: Training ROC-AUC: 0.971014
2024-12-18 18:17:11,317 - INFO: Validation ROC-AUC: 0.823260
2024-12-18 18:17:23,033 - INFO: Starting epoch 25
2024-12-18 18:17:23,061 - INFO: Evaluating at iteration 22633
2024-12-18 18:17:23,643 - INFO: Loss: 0.130572
2024-12-18 18:17:23,643 - INFO: Training ROC-AUC: 0.937500
2024-12-18 18:17:23,643 - INFO: Validation ROC-AUC: 0.821367
2024-12-18 18:17:36,824 - INFO: Evaluating at iteration 23133
2024-12-18 18:17:37,406 - INFO: Loss: 0.133474
2024-12-18 18:17:37,406 - INFO: Training ROC-AUC: 0.985185
2024-12-18 18:17:37,406 - INFO: Validation ROC-AUC: 0.825855
2024-12-18 18:17:49,024 - INFO: Saving model to models/TCRContactMapPredictor/model_4.pt
2024-12-18 18:17:49,038 - INFO: Starting fold 5
2024-12-18 18:17:49,038 - INFO: Initialising model
2024-12-18 18:17:49,049 - INFO: Starting training
2024-12-18 18:17:49,049 - INFO: Starting epoch 1
2024-12-18 18:17:49,076 - INFO: Evaluating at iteration 1
2024-12-18 18:17:49,668 - INFO: Loss: 0.688028
2024-12-18 18:17:49,668 - INFO: Training ROC-AUC: 0.442308
2024-12-18 18:17:49,668 - INFO: Validation ROC-AUC: 0.496629
2024-12-18 18:18:02,286 - INFO: Evaluating at iteration 501
2024-12-18 18:18:02,877 - INFO: Loss: 0.526745
2024-12-18 18:18:02,877 - INFO: Training ROC-AUC: 0.651429
2024-12-18 18:18:02,877 - INFO: Validation ROC-AUC: 0.499171
2024-12-18 18:18:14,692 - INFO: Starting epoch 2
2024-12-18 18:18:14,718 - INFO: Evaluating at iteration 944
2024-12-18 18:18:15,302 - INFO: Loss: 0.628747
2024-12-18 18:18:15,302 - INFO: Training ROC-AUC: 0.502415
2024-12-18 18:18:15,302 - INFO: Validation ROC-AUC: 0.497134
2024-12-18 18:18:29,033 - INFO: Evaluating at iteration 1444
2024-12-18 18:18:29,615 - INFO: Loss: 0.421026
2024-12-18 18:18:29,616 - INFO: Training ROC-AUC: 0.622222
2024-12-18 18:18:29,616 - INFO: Validation ROC-AUC: 0.581622
2024-12-18 18:18:41,049 - INFO: Starting epoch 3
2024-12-18 18:18:41,076 - INFO: Evaluating at iteration 1887
2024-12-18 18:18:41,669 - INFO: Loss: 0.285848
2024-12-18 18:18:41,669 - INFO: Training ROC-AUC: 0.755556
2024-12-18 18:18:41,669 - INFO: Validation ROC-AUC: 0.673004
2024-12-18 18:18:54,688 - INFO: Evaluating at iteration 2387
2024-12-18 18:18:55,277 - INFO: Loss: 0.268532
2024-12-18 18:18:55,277 - INFO: Training ROC-AUC: 0.830357
2024-12-18 18:18:55,277 - INFO: Validation ROC-AUC: 0.737660
2024-12-18 18:19:06,942 - INFO: Starting epoch 4
2024-12-18 18:19:06,969 - INFO: Evaluating at iteration 2830
2024-12-18 18:19:07,558 - INFO: Loss: 0.211301
2024-12-18 18:19:07,558 - INFO: Training ROC-AUC: 0.954023
2024-12-18 18:19:07,558 - INFO: Validation ROC-AUC: 0.752494
2024-12-18 18:19:20,781 - INFO: Evaluating at iteration 3330
2024-12-18 18:19:21,356 - INFO: Loss: 0.345247
2024-12-18 18:19:21,356 - INFO: Training ROC-AUC: 0.701149
2024-12-18 18:19:21,356 - INFO: Validation ROC-AUC: 0.768067
2024-12-18 18:19:33,028 - INFO: Starting epoch 5
2024-12-18 18:19:33,055 - INFO: Evaluating at iteration 3773
2024-12-18 18:19:33,644 - INFO: Loss: 0.285291
2024-12-18 18:19:33,644 - INFO: Training ROC-AUC: 0.896296
2024-12-18 18:19:33,644 - INFO: Validation ROC-AUC: 0.775385
2024-12-18 18:19:46,948 - INFO: Evaluating at iteration 4273
2024-12-18 18:19:47,524 - INFO: Loss: 0.254576
2024-12-18 18:19:47,524 - INFO: Training ROC-AUC: 0.830357
2024-12-18 18:19:47,525 - INFO: Validation ROC-AUC: 0.788370
2024-12-18 18:19:59,274 - INFO: Starting epoch 6
2024-12-18 18:19:59,302 - INFO: Evaluating at iteration 4716
2024-12-18 18:19:59,893 - INFO: Loss: 0.264363
2024-12-18 18:19:59,893 - INFO: Training ROC-AUC: 0.916667
2024-12-18 18:19:59,893 - INFO: Validation ROC-AUC: 0.791345
2024-12-18 18:20:13,262 - INFO: Evaluating at iteration 5216
2024-12-18 18:20:13,852 - INFO: Loss: 0.192765
2024-12-18 18:20:13,852 - INFO: Training ROC-AUC: 0.833333
2024-12-18 18:20:13,853 - INFO: Validation ROC-AUC: 0.798736
2024-12-18 18:20:25,694 - INFO: Starting epoch 7
2024-12-18 18:20:25,720 - INFO: Evaluating at iteration 5659
2024-12-18 18:20:26,309 - INFO: Loss: 0.328168
2024-12-18 18:20:26,309 - INFO: Training ROC-AUC: 0.878205
2024-12-18 18:20:26,309 - INFO: Validation ROC-AUC: 0.802247
2024-12-18 18:20:39,766 - INFO: Evaluating at iteration 6159
2024-12-18 18:20:40,352 - INFO: Loss: 0.319907
2024-12-18 18:20:40,353 - INFO: Training ROC-AUC: 0.897436
2024-12-18 18:20:40,353 - INFO: Validation ROC-AUC: 0.807392
2024-12-18 18:20:52,147 - INFO: Starting epoch 8
2024-12-18 18:20:52,174 - INFO: Evaluating at iteration 6602
2024-12-18 18:20:52,756 - INFO: Loss: 0.282789
2024-12-18 18:20:52,756 - INFO: Training ROC-AUC: 0.857143
2024-12-18 18:20:52,756 - INFO: Validation ROC-AUC: 0.811691
2024-12-18 18:21:06,293 - INFO: Evaluating at iteration 7102
2024-12-18 18:21:06,879 - INFO: Loss: 0.608533
2024-12-18 18:21:06,879 - INFO: Training ROC-AUC: 0.671498
2024-12-18 18:21:06,879 - INFO: Validation ROC-AUC: 0.811409
2024-12-18 18:21:18,660 - INFO: Starting epoch 9
2024-12-18 18:21:18,686 - INFO: Evaluating at iteration 7545
2024-12-18 18:21:19,277 - INFO: Loss: 0.220395
2024-12-18 18:21:19,277 - INFO: Training ROC-AUC: 0.977778
2024-12-18 18:21:19,277 - INFO: Validation ROC-AUC: 0.816453
2024-12-18 18:21:32,610 - INFO: Evaluating at iteration 8045
2024-12-18 18:21:33,201 - INFO: Loss: 0.318081
2024-12-18 18:21:33,201 - INFO: Training ROC-AUC: 0.884615
2024-12-18 18:21:33,201 - INFO: Validation ROC-AUC: 0.814959
2024-12-18 18:21:44,971 - INFO: Starting epoch 10
2024-12-18 18:21:44,999 - INFO: Evaluating at iteration 8488
2024-12-18 18:21:45,587 - INFO: Loss: 0.382957
2024-12-18 18:21:45,587 - INFO: Training ROC-AUC: 0.794872
2024-12-18 18:21:45,587 - INFO: Validation ROC-AUC: 0.821270
2024-12-18 18:21:58,993 - INFO: Evaluating at iteration 8988
2024-12-18 18:21:59,578 - INFO: Loss: 0.286818
2024-12-18 18:21:59,578 - INFO: Training ROC-AUC: 0.724138
2024-12-18 18:21:59,578 - INFO: Validation ROC-AUC: 0.819885
2024-12-18 18:22:11,379 - INFO: Starting epoch 11
2024-12-18 18:22:11,406 - INFO: Evaluating at iteration 9431
2024-12-18 18:22:12,013 - INFO: Loss: 0.494329
2024-12-18 18:22:12,013 - INFO: Training ROC-AUC: 0.739583
2024-12-18 18:22:12,013 - INFO: Validation ROC-AUC: 0.823700
2024-12-18 18:22:25,350 - INFO: Evaluating at iteration 9931
2024-12-18 18:22:25,959 - INFO: Loss: 0.292253
2024-12-18 18:22:25,959 - INFO: Training ROC-AUC: 0.792593
2024-12-18 18:22:25,959 - INFO: Validation ROC-AUC: 0.824005
2024-12-18 18:22:37,793 - INFO: Starting epoch 12
2024-12-18 18:22:37,819 - INFO: Evaluating at iteration 10374
2024-12-18 18:22:38,402 - INFO: Loss: 0.360009
2024-12-18 18:22:38,402 - INFO: Training ROC-AUC: 0.880000
2024-12-18 18:22:38,402 - INFO: Validation ROC-AUC: 0.823553
2024-12-18 18:22:51,844 - INFO: Evaluating at iteration 10874
2024-12-18 18:22:52,425 - INFO: Loss: 0.244249
2024-12-18 18:22:52,425 - INFO: Training ROC-AUC: 0.839080
2024-12-18 18:22:52,425 - INFO: Validation ROC-AUC: 0.825293
2024-12-18 18:23:04,278 - INFO: Starting epoch 13
2024-12-18 18:23:04,305 - INFO: Evaluating at iteration 11317
2024-12-18 18:23:04,897 - INFO: Loss: 0.204001
2024-12-18 18:23:04,897 - INFO: Training ROC-AUC: 0.977011
2024-12-18 18:23:04,897 - INFO: Validation ROC-AUC: 0.827153
2024-12-18 18:23:18,369 - INFO: Evaluating at iteration 11817
2024-12-18 18:23:18,955 - INFO: Loss: 0.113797
2024-12-18 18:23:18,955 - INFO: Training ROC-AUC: 1.000000
2024-12-18 18:23:18,955 - INFO: Validation ROC-AUC: 0.824114
2024-12-18 18:23:30,862 - INFO: Starting epoch 14
2024-12-18 18:23:30,888 - INFO: Evaluating at iteration 12260
2024-12-18 18:23:31,476 - INFO: Loss: 0.116502
2024-12-18 18:23:31,477 - INFO: Training ROC-AUC: 1.000000
2024-12-18 18:23:31,477 - INFO: Validation ROC-AUC: 0.828096
2024-12-18 18:23:44,961 - INFO: Evaluating at iteration 12760
2024-12-18 18:23:45,544 - INFO: Loss: 0.221442
2024-12-18 18:23:45,544 - INFO: Training ROC-AUC: 0.862069
2024-12-18 18:23:45,544 - INFO: Validation ROC-AUC: 0.827186
2024-12-18 18:23:57,426 - INFO: Starting epoch 15
2024-12-18 18:23:57,452 - INFO: Evaluating at iteration 13203
2024-12-18 18:23:58,037 - INFO: Loss: 0.247971
2024-12-18 18:23:58,037 - INFO: Training ROC-AUC: 0.965714
2024-12-18 18:23:58,037 - INFO: Validation ROC-AUC: 0.825605
2024-12-18 18:24:11,426 - INFO: Evaluating at iteration 13703
2024-12-18 18:24:12,051 - INFO: Loss: 0.322765
2024-12-18 18:24:12,051 - INFO: Training ROC-AUC: 0.914286
2024-12-18 18:24:12,051 - INFO: Validation ROC-AUC: 0.823809
2024-12-18 18:24:23,913 - INFO: Starting epoch 16
2024-12-18 18:24:23,940 - INFO: Evaluating at iteration 14146
2024-12-18 18:24:24,528 - INFO: Loss: 0.156832
2024-12-18 18:24:24,528 - INFO: Training ROC-AUC: 1.000000
2024-12-18 18:24:24,528 - INFO: Validation ROC-AUC: 0.829132
2024-12-18 18:24:37,975 - INFO: Evaluating at iteration 14646
2024-12-18 18:24:38,559 - INFO: Loss: 0.229283
2024-12-18 18:24:38,559 - INFO: Training ROC-AUC: 0.929487
2024-12-18 18:24:38,559 - INFO: Validation ROC-AUC: 0.825197
2024-12-18 18:24:50,403 - INFO: Starting epoch 17
2024-12-18 18:24:50,433 - INFO: Evaluating at iteration 15089
2024-12-18 18:24:51,019 - INFO: Loss: 0.177076
2024-12-18 18:24:51,019 - INFO: Training ROC-AUC: 0.994286
2024-12-18 18:24:51,019 - INFO: Validation ROC-AUC: 0.829242
2024-12-18 18:25:04,503 - INFO: Evaluating at iteration 15589
2024-12-18 18:25:05,084 - INFO: Loss: 0.352128
2024-12-18 18:25:05,084 - INFO: Training ROC-AUC: 0.857143
2024-12-18 18:25:05,084 - INFO: Validation ROC-AUC: 0.825667
2024-12-18 18:25:17,032 - INFO: Starting epoch 18
2024-12-18 18:25:17,059 - INFO: Evaluating at iteration 16032
2024-12-18 18:25:17,645 - INFO: Loss: 0.149625
2024-12-18 18:25:17,646 - INFO: Training ROC-AUC: 0.988506
2024-12-18 18:25:17,646 - INFO: Validation ROC-AUC: 0.827358
2024-12-18 18:25:31,142 - INFO: Evaluating at iteration 16532
2024-12-18 18:25:31,725 - INFO: Loss: 0.209696
2024-12-18 18:25:31,725 - INFO: Training ROC-AUC: 0.966667
2024-12-18 18:25:31,725 - INFO: Validation ROC-AUC: 0.826021
2024-12-18 18:25:43,665 - INFO: Starting epoch 19
2024-12-18 18:25:43,694 - INFO: Evaluating at iteration 16975
2024-12-18 18:25:44,273 - INFO: Loss: 0.292470
2024-12-18 18:25:44,273 - INFO: Training ROC-AUC: 0.812500
2024-12-18 18:25:44,273 - INFO: Validation ROC-AUC: 0.823974
2024-12-18 18:25:57,866 - INFO: Evaluating at iteration 17475
2024-12-18 18:25:58,443 - INFO: Loss: 0.340192
2024-12-18 18:25:58,443 - INFO: Training ROC-AUC: 0.837037
2024-12-18 18:25:58,443 - INFO: Validation ROC-AUC: 0.823296
2024-12-18 18:26:10,442 - INFO: Starting epoch 20
2024-12-18 18:26:10,468 - INFO: Evaluating at iteration 17918
2024-12-18 18:26:11,052 - INFO: Loss: 0.208582
2024-12-18 18:26:11,052 - INFO: Training ROC-AUC: 0.928571
2024-12-18 18:26:11,052 - INFO: Validation ROC-AUC: 0.824398
2024-12-18 18:26:24,618 - INFO: Evaluating at iteration 18418
2024-12-18 18:26:25,207 - INFO: Loss: 0.270172
2024-12-18 18:26:25,207 - INFO: Training ROC-AUC: 0.942857
2024-12-18 18:26:25,207 - INFO: Validation ROC-AUC: 0.825723
2024-12-18 18:26:37,134 - INFO: Starting epoch 21
2024-12-18 18:26:37,161 - INFO: Evaluating at iteration 18861
2024-12-18 18:26:37,771 - INFO: Loss: 0.084709
2024-12-18 18:26:37,771 - INFO: Training ROC-AUC: nan
2024-12-18 18:26:37,771 - INFO: Validation ROC-AUC: 0.824411
2024-12-18 18:26:51,306 - INFO: Evaluating at iteration 19361
2024-12-18 18:26:51,907 - INFO: Loss: 0.128964
2024-12-18 18:26:51,907 - INFO: Training ROC-AUC: 0.991071
2024-12-18 18:26:51,907 - INFO: Validation ROC-AUC: 0.824104
2024-12-18 18:27:03,879 - INFO: Starting epoch 22
2024-12-18 18:27:03,907 - INFO: Evaluating at iteration 19804
2024-12-18 18:27:04,502 - INFO: Loss: 0.311094
2024-12-18 18:27:04,502 - INFO: Training ROC-AUC: 0.927536
2024-12-18 18:27:04,502 - INFO: Validation ROC-AUC: 0.820604
2024-12-18 18:27:18,114 - INFO: Evaluating at iteration 20304
2024-12-18 18:27:18,695 - INFO: Loss: 0.371324
2024-12-18 18:27:18,695 - INFO: Training ROC-AUC: 0.864583
2024-12-18 18:27:18,695 - INFO: Validation ROC-AUC: 0.822461
2024-12-18 18:27:30,570 - INFO: Starting epoch 23
2024-12-18 18:27:30,599 - INFO: Evaluating at iteration 20747
2024-12-18 18:27:31,185 - INFO: Loss: 0.176566
2024-12-18 18:27:31,186 - INFO: Training ROC-AUC: 0.974359
2024-12-18 18:27:31,186 - INFO: Validation ROC-AUC: 0.822913
2024-12-18 18:27:44,734 - INFO: Evaluating at iteration 21247
2024-12-18 18:27:45,316 - INFO: Loss: 0.249525
2024-12-18 18:27:45,316 - INFO: Training ROC-AUC: 0.927083
2024-12-18 18:27:45,316 - INFO: Validation ROC-AUC: 0.818638
2024-12-18 18:27:57,238 - INFO: Starting epoch 24
2024-12-18 18:27:57,266 - INFO: Evaluating at iteration 21690
2024-12-18 18:27:57,854 - INFO: Loss: 0.084476
2024-12-18 18:27:57,854 - INFO: Training ROC-AUC: 1.000000
2024-12-18 18:27:57,854 - INFO: Validation ROC-AUC: 0.821187
2024-12-18 18:28:11,427 - INFO: Evaluating at iteration 22190
2024-12-18 18:28:12,038 - INFO: Loss: 0.080046
2024-12-18 18:28:12,038 - INFO: Training ROC-AUC: 1.000000
2024-12-18 18:28:12,038 - INFO: Validation ROC-AUC: 0.821451
2024-12-18 18:28:23,895 - INFO: Starting epoch 25
2024-12-18 18:28:23,923 - INFO: Evaluating at iteration 22633
2024-12-18 18:28:24,505 - INFO: Loss: 0.192774
2024-12-18 18:28:24,505 - INFO: Training ROC-AUC: 0.987179
2024-12-18 18:28:24,505 - INFO: Validation ROC-AUC: 0.820904
2024-12-18 18:28:37,933 - INFO: Evaluating at iteration 23133
2024-12-18 18:28:38,519 - INFO: Loss: 0.148995
2024-12-18 18:28:38,519 - INFO: Training ROC-AUC: 0.987179
2024-12-18 18:28:38,519 - INFO: Validation ROC-AUC: 0.820273
2024-12-18 18:28:50,427 - INFO: Saving model to models/TCRContactMapPredictor/model_5.pt
